../Core/Src/main.c:58:6:Init_Led	8	static
../Core/Src/main.c:63:6:ToggleLed1	8	static
../Core/Src/main.c:67:6:ToggleLed2	8	static
../Core/Src/main.c:71:6:ToggleLed3	8	static
../Core/Src/main.c:75:6:ToggleLed4	8	static
../Core/Src/main.c:79:6:ToggleLed5	8	static
../Core/Src/main.c:88:5:main	8	static
../Core/Src/main.c:150:6:SystemClock_Config	72	static
../Core/Src/main.c:187:13:MX_TIM2_Init	32	static
../Core/Src/main.c:232:13:MX_GPIO_Init	32	static
../Core/Src/main.c:256:6:HAL_TIM_PeriodElapsedCallback	16	static
../Core/Src/main.c:265:6:Error_Handler	4	static,ignoring_inline_asm
